main.c:20:6:initPorts	16	static
main.c:60:6:updateEngineSpeed	4	static
main.c:70:6:initTimer1Ms	24	static
main.c:95:6:TIM7_IRQHandler	8	static
main.c:110:10:getHalfPeriod	4	static
main.c:115:6:initTimerSim	16	static
main.c:138:6:TIM4_IRQHandler	8	static
main.c:153:6:updatePeriodSim	8	static
main.c:165:6:initSensorInts	24	static
main.c:224:6:EXTI2_IRQHandler	16	static
main.c:243:6:EXTI3_IRQHandler	8	static
main.c:252:6:initSensorTimer	24	static
main.c:269:6:initInjTimer	16	static
main.c:288:6:TIM3_IRQHandler	16	static
main.c:317:6:DMA2_Stream1_IRQHandler	8	static
main.c:326:5:main	1832	static
main.c:393:10:sEE_TIMEOUT_UserCallback	4	static
